[    1201ms] [ERROR] Failed to load resource: the server responded with a status of 404 (Not Found) @ http://localhost:8082/favicon.ico:0
[    1498ms] Uncaught (in promise) TypeError: Cannot read properties of undefined (reading 'x')
    at subVectors (https://aframe.io/releases/1.6.0/aframe.min.js:0:621054)
    at getPoint (https://aframe.io/releases/1.6.0/aframe.min.js:0:1099776)
    at getLengths (https://aframe.io/releases/1.6.0/aframe.min.js:0:1095492)
    at getUtoTmapping (https://aframe.io/releases/1.6.0/aframe.min.js:0:1095715)
    at getTangentAt (https://aframe.io/releases/1.6.0/aframe.min.js:0:1096168)
    at computeFrenetFrames (https://aframe.io/releases/1.6.0/aframe.min.js:0:1096331)
    at du (https://aframe.io/releases/1.6.0/aframe.min.js:0:1138352)
    at init (http://localhost:8082/index.html:595:19)
    at initComponent (https://aframe.io/releases/1.6.0/aframe.min.js:0:411875)
    at updateProperties (https://aframe.io/releases/1.6.0/aframe.min.js:0:411734)
    at <anonymous> (https://aframe.io/releases/1.6.0/aframe.min.js:0:411115)
    at n (https://aframe.io/releases/1.6.0/aframe.min.js:0:417476)
    at initComponent (https://aframe.io/releases/1.6.0/aframe.min.js:0:399651)
    at updateComponent (https://aframe.io/releases/1.6.0/aframe.min.js:0:401218)
    at updateComponents (https://aframe.io/releases/1.6.0/aframe.min.js:0:401038)
    at <anonymous> (https://aframe.io/releases/1.6.0/aframe.min.js:0:399202)
    at <anonymous> (https://aframe.io/releases/1.6.0/aframe.min.js:0:407631)
[    1498ms] Uncaught (in promise) TypeError: Cannot read properties of undefined (reading 'x')
    at subVectors (https://aframe.io/releases/1.6.0/aframe.min.js:0:621054)
    at getPoint (https://aframe.io/releases/1.6.0/aframe.min.js:0:1099776)
    at getLengths (https://aframe.io/releases/1.6.0/aframe.min.js:0:1095492)
    at getUtoTmapping (https://aframe.io/releases/1.6.0/aframe.min.js:0:1095715)
    at getTangentAt (https://aframe.io/releases/1.6.0/aframe.min.js:0:1096168)
    at computeFrenetFrames (https://aframe.io/releases/1.6.0/aframe.min.js:0:1096331)
    at du (https://aframe.io/releases/1.6.0/aframe.min.js:0:1138352)
    at init (http://localhost:8082/index.html:595:19)
    at initComponent (https://aframe.io/releases/1.6.0/aframe.min.js:0:411875)
    at updateProperties (https://aframe.io/releases/1.6.0/aframe.min.js:0:411734)
    at <anonymous> (https://aframe.io/releases/1.6.0/aframe.min.js:0:411115)
    at n (https://aframe.io/releases/1.6.0/aframe.min.js:0:417476)
    at initComponent (https://aframe.io/releases/1.6.0/aframe.min.js:0:399651)
    at updateComponent (https://aframe.io/releases/1.6.0/aframe.min.js:0:401218)
    at updateComponents (https://aframe.io/releases/1.6.0/aframe.min.js:0:401038)
    at <anonymous> (https://aframe.io/releases/1.6.0/aframe.min.js:0:399202)
    at <anonymous> (https://aframe.io/releases/1.6.0/aframe.min.js:0:407631)
